[2026-09-10 18:19:24] [INFO    ] discord.client: logging in using static token
[2026-09-10 18:19:26] [INFO    ] discord.gateway: Shard ID None has connected to Gateway (Session ID: 718478142477500b0a7fc9bc3f329b79).
Skipping non-git directory: /home/firebot/git/aethersent/
Processing repository: /home/firebot/git/bobbot9000/...
No changes to commit in /home/firebot/git/bobbot9000/.
Processing repository: /home/firebot/git/Confluxia/...
No changes to commit in /home/firebot/git/Confluxia/.
Processing repository: /home/firebot/git/datapacks/...
No changes to commit in /home/firebot/git/datapacks/.
Processing repository: /home/firebot/git/Emberbot137/...
No changes to commit in /home/firebot/git/Emberbot137/.
Processing repository: /home/firebot/git/firebot/...
No changes to commit in /home/firebot/git/firebot/.
Processing repository: /home/firebot/git/Flags/...
[main 65b4912] Auto-commit: 2026.09.10.18.19.30
 1 file changed, 15 insertions(+)
 create mode 100644 fiaguhop137/00000099d9ea00a2e8b5e61dffffffffc90efd6666ffaec9000000>74d7eeffafc8ffffff.svg
From github.com:Fiaguhop137/Flags
 * branch            main       -> FETCH_HEAD
Current branch main is up to date.
To github.com:Fiaguhop137/Flags.git
   2975f37..65b4912  main -> main
Already up to date.
Everything up-to-date
Processing repository: /home/firebot/git/Rainbows and Clouds/...
